import "stdlib/str.jou"
import "stdlib/mem.jou"
import "stdlib/io.jou"
import "stdlib/process.jou"

import "./command_line_args.jou"
import "./paths.jou"

if not WINDOWS:
    import "../config.jou"


def quote_paths(paths: byte**) -> byte*:
    size = 10L
    for i = 0; paths[i] != NULL; i++:
        size += strlen(paths[i]) + 10

    result: byte* = malloc(size)
    strcpy(result, "")
    for i = 0; paths[i] != NULL; i++:
        # TODO: quote better?
        strcat(result, " \"")
        strcat(result, paths[i])
        strcat(result, "\"")

    return result


@public
def run_linker(objpaths: byte**, exepath: byte*, linker_flags: byte*) -> None:
    jou_exe = find_current_executable()
    instdir = dirname(jou_exe)

    quoted_object_files = quote_paths(objpaths)

    command: byte*
    if WINDOWS:
        # Assume mingw with clang has been downloaded with windows_setup.sh.
        # Could also use clang, but gcc has less dependencies so we can make the Windows zips smaller.
        # Windows quoting is weird. The outermost quotes get stripped here.
        asprintf(&command, "\"\"%s\\mingw64\\bin\\gcc.exe\" %s -o \"%s\" %s\"", instdir, quoted_object_files, exepath, linker_flags)
    else:
        # Assume clang is installed and use it to link. Could use lld, but clang is needed anyway.
        # instdir is not used in this case.
        asprintf(&command, "'%s' %s -o '%s' %s", get_jou_clang_path(), quoted_object_files, exepath, linker_flags)

    free(quoted_object_files)
    free(jou_exe)

    if command_line_args.verbosity >= 1:
        printf("Running linker: %s\n", command)

    if system(command) != 0:
        exit(1)
    free(command)


@public
def run_exe(exepath: byte*, valgrind: bool) -> int:
    command: byte*
    if WINDOWS:
        asprintf(&command, "\"%s\"", exepath)
        while strstr(command, "/") != NULL:
            *strstr(command, "/") = '\\'
    else:
        if valgrind:
            asprintf(&command, "valgrind -q --leak-check=full --show-leak-kinds=all --error-exitcode=1 '%s'", exepath)
        else:
            asprintf(&command, "'%s'", exepath)

    # Make sure that everything else shows up before the user's prints.
    fflush(stdout)
    fflush(stderr)

    ret = system(command)
    free(command)

    if ret == 0:
        return 0  # success
    else:
        return 1  # TODO: extract actual error code / return value
